<html>
<body>
<pre>
<h1>µVision Build Log</h1>
<h2>Tool Versions:</h2>
IDE-Version: µVision V5.29.0.0
Copyright (C) 2019 ARM Ltd and ARM Germany GmbH. All rights reserved.
License Information: Mohamed Samy, None, LIC=----
 
Tool Versions:
Toolchain:       MDK-Lite  Version: 5.29.0.0
Toolchain Path:  C:\Keil_v5\ARM\ARMCC\Bin
C Compiler:      Armcc.exe V5.06 update 6 (build 750)
Assembler:       Armasm.exe V5.06 update 6 (build 750)
Linker/Locator:  ArmLink.exe V5.06 update 6 (build 750)
Library Manager: ArmAr.exe V5.06 update 6 (build 750)
Hex Converter:   FromElf.exe V5.06 update 6 (build 750)
CPU DLL:         SARM.DLL V5.29.0.0
Dialog DLL:      DARMP.DLL V1.53.0.0
Target DLL:      UL2ARM.DLL V1.74.10.0
Dialog DLL:      TARMP.DLL V1.53.0.0
 
<h2>Project:</h2>
C:\EDFScheduler_FreeRTOS_Implementation\EDF_Source_FreeRTOSv10.3.1\Demo\ARM7_LPC2129_Keil_RVDS\RTOSDemo.uvproj
Project File Date:  04/07/2023

<h2>Output:</h2>
*** Using Compiler 'V5.06 update 6 (build 750)', folder: 'C:\Keil_v5\ARM\ARMCC\Bin'
Rebuild target 'RTOSDemo_THUMB'
assembling serialISR.s...
compiling GPIO_cfg.c...
assembling Startup.s...
compiling ParTest.c...
compiling GPIO.c...
compiling serial.c...
compiling list.c...
compiling port.c...
compiling main.c...
Starter_Files_V1\source\main.c(100): warning:  #167-D: argument of type "void *" is incompatible with parameter of type "TaskHookFunction_t"
  	vTaskSetApplicationTaskTag(NULL , (void *) 1); //(TaskHookFunction_t)
Starter_Files_V1\source\main.c(136): warning:  #167-D: argument of type "void *" is incompatible with parameter of type "TaskHookFunction_t"
  	vTaskSetApplicationTaskTag(NULL , (void *) 2);
Starter_Files_V1\source\main.c(166): warning:  #167-D: argument of type "void *" is incompatible with parameter of type "TaskHookFunction_t"
  	vTaskSetApplicationTaskTag(NULL , (void *) 3);
Starter_Files_V1\source\main.c(189): warning:  #167-D: argument of type "void *" is incompatible with parameter of type "TaskHookFunction_t"
  	vTaskSetApplicationTaskTag(NULL , (void *) 4);
Starter_Files_V1\source\main.c(241): warning:  #191-D: type qualifier is meaningless on cast type
  				vSerialPutString((const signed char * const)buffer_String,localCounter+1);
Starter_Files_V1\source\main.c(253): warning:  #167-D: argument of type "void *" is incompatible with parameter of type "TaskHookFunction_t"
  		vTaskSetApplicationTaskTag(NULL , (void *) 5);
Starter_Files_V1\source\main.c(273): warning:  #167-D: argument of type "void *" is incompatible with parameter of type "TaskHookFunction_t"
  		vTaskSetApplicationTaskTag(NULL , (void *) 6);
Starter_Files_V1\source\main.c(310): warning:  #223-D: function "xTaskPeriodicCreate" declared implicitly
  xTaskPeriodicCreate(T1_Button1,/* Function that implements the task. */
Starter_Files_V1\source\main.c: 8 warnings, 0 errors
compiling queue.c...
compiling tasks.c...
assembling portASM.s...
compiling heap_2.c...
linking...
Program Size: Code=13176 RO-data=32 RW-data=276 ZI-data=15380  
FromELF: creating hex file...
".\bin\RTOSDemo.axf" - 0 Error(s), 8 Warning(s).
Build Time Elapsed:  00:00:01
</pre>
</body>
</html>
