Component: ARM Compiler 5.06 update 6 (build 750) Tool: armlink [4d35ed]

==============================================================================

Section Cross References

    startup.o(STACK) refers (Special) to heapauxi.o(.text) for __use_two_region_memory
    startup.o(HEAP) refers (Special) to heapauxi.o(.text) for __use_two_region_memory
    startup.o(RESET) refers (Special) to heapauxi.o(.text) for __use_two_region_memory
    startup.o(RESET) refers to portasm.o(PORT_ASM) for vPortYieldProcessor
    startup.o(RESET) refers to startup.o(STACK) for Stack_Top
    startup.o(RESET) refers to __main.o(!!!main) for __main
    startup.o(.text) refers (Special) to heapauxi.o(.text) for __use_two_region_memory
    startup.o(.text) refers to startup.o(HEAP) for Heap_Mem
    startup.o(.text) refers to startup.o(STACK) for Stack_Mem
    serialisr.o(.text) refers to port.o(.data) for ulCriticalNesting
    serialisr.o(.text) refers to tasks.o(.data) for pxCurrentTCB
    serialisr.o(.text) refers to serial.o(.text) for vUART_ISRHandler
    gpio.o(.text) refers to gpio_cfg.o(.data) for PinConfig_array
    main.o(.text) refers to gpio.o(.text) for GPIO_write
    main.o(.text) refers to tasks.o(.text) for xTaskGetTickCount
    main.o(.text) refers to queue.o(.text) for xQueueGenericSend
    main.o(.text) refers to rt_memcpy_w.o(.text) for __aeabi_memcpy4
    main.o(.text) refers to serial.o(.text) for vSerialPutString
    main.o(.text) refers to main.o(.data) for Q_T1_Button1
    serial.o(.text) refers to aeabi_sdiv.o(.text_udiv) for __aeabi_uidivmod
    serial.o(.text) refers to serialisr.o(.text) for vUART_ISREntry
    serial.o(.text) refers to serial.o(.data) for isNewCharAvailable
    serial.o(.text) refers to serial.o(.bss) for txBuffer
    tasks.o(.text) refers to port.o(.text) for vPortEnterCritical
    tasks.o(.text) refers to list.o(.text) for vListInitialise
    tasks.o(.text) refers to portasm.o(PORT_ASM) for vPortYield
    tasks.o(.text) refers to heap_2.o(.text) for pvPortMalloc
    tasks.o(.text) refers to tasks.o(.data) for xTickCount
    tasks.o(.text) refers to tasks.o(.bss) for pxReadyTasksLists
    tasks.o(.text) refers to tasks.o(i.__ARM_common_disable_irq) for __ARM_common_disable_irq
    tasks.o(.text) refers to tasks.o(i.__ARM_common_switch8) for __ARM_common_switch8
    queue.o(.text) refers to port.o(.text) for vPortEnterCritical
    queue.o(.text) refers to tasks.o(.text) for xTaskRemoveFromEventList
    queue.o(.text) refers to portasm.o(PORT_ASM) for vPortYield
    queue.o(.text) refers to list.o(.text) for vListInitialise
    queue.o(.text) refers to heap_2.o(.text) for pvPortMalloc
    queue.o(.text) refers to rt_memcpy.o(.text) for __aeabi_memcpy
    port.o(.text) refers to portasm.o(PORT_ASM) for vPortStartFirstTask
    port.o(.text) refers to tasks.o(i.__ARM_common_disable_irq) for __ARM_common_disable_irq
    port.o(.text) refers to port.o(i.__ARM_common_enable_irq) for __ARM_common_enable_irq
    port.o(.text) refers to port.o(.data) for ulCriticalNesting
    heap_2.o(.text) refers to tasks.o(.text) for vTaskSuspendAll
    heap_2.o(.text) refers to heap_2.o(.bss) for ucHeap
    heap_2.o(.text) refers to heap_2.o(.data) for xStart
    portasm.o(PORT_ASM) refers to tasks.o(.data) for pxCurrentTCB
    portasm.o(PORT_ASM) refers to port.o(.data) for ulCriticalNesting
    portasm.o(PORT_ASM) refers to tasks.o(.text) for vTaskSwitchContext
    rt_memcpy.o(.text) refers to rt_memcpy_w.o(.text) for __aeabi_memcpy4
    aeabi_sdiv.o(.text_udiv) refers to aeabi_sdiv.o(.text) for __arm_div2
    aeabi_sdiv_div0.o(.text_udiv) refers to aeabi_sdiv_div0.o(.text) for __arm_div2
    __main.o(!!!main) refers to __rtentry.o(.ARM.Collect$$rtentry$$00000000) for __rt_entry
    __rtentry.o(.ARM.Collect$$rtentry$$00000000) refers (Special) to __rtentry2.o(.ARM.Collect$$rtentry$$0000000A) for __rt_entry_li
    __rtentry.o(.ARM.Collect$$rtentry$$00000000) refers (Special) to __rtentry2.o(.ARM.Collect$$rtentry$$0000000D) for __rt_entry_main
    __rtentry.o(.ARM.Collect$$rtentry$$00000000) refers (Special) to __rtentry2.o(.ARM.Collect$$rtentry$$0000000C) for __rt_entry_postli_1
    __rtentry.o(.ARM.Collect$$rtentry$$00000000) refers (Special) to __rtentry2.o(.ARM.Collect$$rtentry$$00000009) for __rt_entry_postsh_1
    __rtentry.o(.ARM.Collect$$rtentry$$00000000) refers (Special) to __rtentry2.o(.ARM.Collect$$rtentry$$00000002) for __rt_entry_presh_1
    __rtentry.o(.ARM.Collect$$rtentry$$00000000) refers (Special) to __rtentry4.o(.ARM.Collect$$rtentry$$00000004) for __rt_entry_sh
    aeabi_idiv0_sigfpe.o(.text) refers to rt_div0.o(.text) for __rt_div0
    __rtentry2.o(.ARM.Collect$$rtentry$$00000008) refers to boardinit2.o(.text) for _platform_post_stackheap_init
    __rtentry2.o(.ARM.Collect$$rtentry$$0000000A) refers to libinit.o(.ARM.Collect$$libinit$$00000000) for __rt_lib_init
    __rtentry2.o(.ARM.Collect$$rtentry$$0000000B) refers to boardinit3.o(.text) for _platform_post_lib_init
    __rtentry2.o(.ARM.Collect$$rtentry$$0000000D) refers to exit.o(.text) for exit
    __rtentry2.o(.ARM.Collect$$rtentry$$0000000D) refers to main.o(.text) for main
    __rtentry2.o(.ARM.exidx) refers to __rtentry2.o(.ARM.Collect$$rtentry$$00000001) for .ARM.Collect$$rtentry$$00000001
    __rtentry2.o(.ARM.exidx) refers to __rtentry2.o(.ARM.Collect$$rtentry$$00000008) for .ARM.Collect$$rtentry$$00000008
    __rtentry2.o(.ARM.exidx) refers to __rtentry2.o(.ARM.Collect$$rtentry$$0000000A) for .ARM.Collect$$rtentry$$0000000A
    __rtentry2.o(.ARM.exidx) refers to __rtentry2.o(.ARM.Collect$$rtentry$$0000000B) for .ARM.Collect$$rtentry$$0000000B
    __rtentry2.o(.ARM.exidx) refers to __rtentry2.o(.ARM.Collect$$rtentry$$0000000D) for .ARM.Collect$$rtentry$$0000000D
    __rtentry4.o(.ARM.Collect$$rtentry$$00000004) refers to sys_stackheap_outer.o(.text) for __user_setup_stackheap
    __rtentry4.o(.ARM.exidx) refers to __rtentry4.o(.ARM.Collect$$rtentry$$00000004) for .ARM.Collect$$rtentry$$00000004
    rt_div0.o(.text) refers to defsig_fpe_outer.o(.text) for __rt_SIGFPE
    sys_stackheap_outer.o(.text) refers to libspace.o(.text) for __user_perproc_libspace
    sys_stackheap_outer.o(.text) refers to startup.o(.text) for __user_initial_stackheap
    exit.o(.text) refers to rtexit.o(.ARM.Collect$$rtexit$$00000000) for __rt_exit
    defsig_fpe_outer.o(.text) refers to defsig_fpe_inner.o(.text) for __rt_SIGFPE_inner
    defsig_fpe_outer.o(.text) refers to defsig_exit.o(.text) for __sig_exit
    defsig_fpe_formal.o(.text) refers to rt_raise.o(.text) for __rt_raise
    libinit.o(.ARM.Collect$$libinit$$00000000) refers (Special) to libinit2.o(.ARM.Collect$$libinit$$0000002E) for __rt_lib_init_alloca_1
    libinit.o(.ARM.Collect$$libinit$$00000000) refers (Special) to libinit2.o(.ARM.Collect$$libinit$$0000002C) for __rt_lib_init_argv_1
    libinit.o(.ARM.Collect$$libinit$$00000000) refers (Special) to libinit2.o(.ARM.Collect$$libinit$$0000001B) for __rt_lib_init_atexit_1
    libinit.o(.ARM.Collect$$libinit$$00000000) refers (Special) to libinit2.o(.ARM.Collect$$libinit$$00000021) for __rt_lib_init_clock_1
    libinit.o(.ARM.Collect$$libinit$$00000000) refers (Special) to libinit2.o(.ARM.Collect$$libinit$$00000032) for __rt_lib_init_cpp_1
    libinit.o(.ARM.Collect$$libinit$$00000000) refers (Special) to libinit2.o(.ARM.Collect$$libinit$$00000030) for __rt_lib_init_exceptions_1
    libinit.o(.ARM.Collect$$libinit$$00000000) refers (Special) to libinit2.o(.ARM.Collect$$libinit$$00000002) for __rt_lib_init_fp_1
    libinit.o(.ARM.Collect$$libinit$$00000000) refers (Special) to libinit2.o(.ARM.Collect$$libinit$$0000001F) for __rt_lib_init_fp_trap_1
    libinit.o(.ARM.Collect$$libinit$$00000000) refers (Special) to libinit2.o(.ARM.Collect$$libinit$$00000023) for __rt_lib_init_getenv_1
    libinit.o(.ARM.Collect$$libinit$$00000000) refers (Special) to libinit2.o(.ARM.Collect$$libinit$$0000000A) for __rt_lib_init_heap_1
    libinit.o(.ARM.Collect$$libinit$$00000000) refers (Special) to libinit2.o(.ARM.Collect$$libinit$$00000011) for __rt_lib_init_lc_collate_1
    libinit.o(.ARM.Collect$$libinit$$00000000) refers (Special) to libinit2.o(.ARM.Collect$$libinit$$00000013) for __rt_lib_init_lc_ctype_1
    libinit.o(.ARM.Collect$$libinit$$00000000) refers (Special) to libinit2.o(.ARM.Collect$$libinit$$00000015) for __rt_lib_init_lc_monetary_1
    libinit.o(.ARM.Collect$$libinit$$00000000) refers (Special) to libinit2.o(.ARM.Collect$$libinit$$00000017) for __rt_lib_init_lc_numeric_1
    libinit.o(.ARM.Collect$$libinit$$00000000) refers (Special) to libinit2.o(.ARM.Collect$$libinit$$00000019) for __rt_lib_init_lc_time_1
    libinit.o(.ARM.Collect$$libinit$$00000000) refers (Special) to libinit2.o(.ARM.Collect$$libinit$$00000004) for __rt_lib_init_preinit_1
    libinit.o(.ARM.Collect$$libinit$$00000000) refers (Special) to libinit2.o(.ARM.Collect$$libinit$$0000000E) for __rt_lib_init_rand_1
    libinit.o(.ARM.Collect$$libinit$$00000000) refers (Special) to libinit2.o(.ARM.Collect$$libinit$$00000033) for __rt_lib_init_return
    libinit.o(.ARM.Collect$$libinit$$00000000) refers (Special) to libinit2.o(.ARM.Collect$$libinit$$0000001D) for __rt_lib_init_signal_1
    libinit.o(.ARM.Collect$$libinit$$00000000) refers (Special) to libinit2.o(.ARM.Collect$$libinit$$00000025) for __rt_lib_init_stdio_1
    libinit.o(.ARM.Collect$$libinit$$00000000) refers (Special) to libinit2.o(.ARM.Collect$$libinit$$0000000C) for __rt_lib_init_user_alloc_1
    libspace.o(.text) refers to libspace.o(.bss) for __libspace_start
    rtexit.o(.ARM.Collect$$rtexit$$00000000) refers (Special) to rtexit2.o(.ARM.Collect$$rtexit$$00000004) for __rt_exit_exit
    rtexit.o(.ARM.Collect$$rtexit$$00000000) refers (Special) to rtexit2.o(.ARM.Collect$$rtexit$$00000003) for __rt_exit_ls
    rtexit.o(.ARM.Collect$$rtexit$$00000000) refers (Special) to rtexit2.o(.ARM.Collect$$rtexit$$00000002) for __rt_exit_prels_1
    rtexit.o(.ARM.exidx) refers (Special) to rtexit2.o(.ARM.Collect$$rtexit$$00000004) for __rt_exit_exit
    rtexit.o(.ARM.exidx) refers (Special) to rtexit2.o(.ARM.Collect$$rtexit$$00000003) for __rt_exit_ls
    rtexit.o(.ARM.exidx) refers (Special) to rtexit2.o(.ARM.Collect$$rtexit$$00000002) for __rt_exit_prels_1
    rtexit.o(.ARM.exidx) refers to rtexit.o(.ARM.Collect$$rtexit$$00000000) for .ARM.Collect$$rtexit$$00000000
    rt_raise.o(.text) refers to __raise.o(.text) for __raise
    rt_raise.o(.text) refers to sys_exit.o(.text) for _sys_exit
    defsig_exit.o(.text) refers to sys_exit.o(.text) for _sys_exit
    defsig_fpe_inner.o(.text) refers to defsig_general.o(.text) for __default_signal_display
    libinit2.o(.ARM.Collect$$libinit$$00000001) refers to fpinit.o(x$fpl$fpinit) for _fp_init
    libinit2.o(.ARM.Collect$$libinit$$00000010) refers to libinit2.o(.ARM.Collect$$libinit$$0000000F) for .ARM.Collect$$libinit$$0000000F
    libinit2.o(.ARM.Collect$$libinit$$00000012) refers to libinit2.o(.ARM.Collect$$libinit$$0000000F) for .ARM.Collect$$libinit$$0000000F
    libinit2.o(.ARM.Collect$$libinit$$00000014) refers to libinit2.o(.ARM.Collect$$libinit$$0000000F) for .ARM.Collect$$libinit$$0000000F
    libinit2.o(.ARM.Collect$$libinit$$00000016) refers to libinit2.o(.ARM.Collect$$libinit$$0000000F) for .ARM.Collect$$libinit$$0000000F
    libinit2.o(.ARM.Collect$$libinit$$00000018) refers to libinit2.o(.ARM.Collect$$libinit$$0000000F) for .ARM.Collect$$libinit$$0000000F
    libinit2.o(.ARM.Collect$$libinit$$00000026) refers to argv_veneer.o(.emb_text) for __ARM_argv_veneer
    libinit2.o(.ARM.Collect$$libinit$$00000027) refers to argv_veneer.o(.emb_text) for __ARM_argv_veneer
    sys_exit.o(.text) refers (Special) to use_no_semi.o(.text) for __I$use$semihosting
    sys_exit.o(.text) refers (Special) to indicate_semi.o(.text) for __semihosting_library_function
    rtexit2.o(.ARM.Collect$$rtexit$$00000003) refers to libshutdown.o(.ARM.Collect$$libshutdown$$00000000) for __rt_lib_shutdown
    rtexit2.o(.ARM.Collect$$rtexit$$00000004) refers to sys_exit.o(.text) for _sys_exit
    rtexit2.o(.ARM.exidx) refers to rtexit2.o(.ARM.Collect$$rtexit$$00000001) for .ARM.Collect$$rtexit$$00000001
    rtexit2.o(.ARM.exidx) refers to rtexit2.o(.ARM.Collect$$rtexit$$00000003) for .ARM.Collect$$rtexit$$00000003
    rtexit2.o(.ARM.exidx) refers to rtexit2.o(.ARM.Collect$$rtexit$$00000004) for .ARM.Collect$$rtexit$$00000004
    __raise.o(.text) refers to __raise.o(i.__ARM_common_call_via_r2) for __ARM_common_call_via_r2
    __raise.o(.text) refers to defsig.o(CL$$defsig) for __default_signal_handler
    defsig_general.o(.text) refers to sys_wrch.o(.text) for _ttywrch
    argv_veneer.o(.emb_text) refers to no_argv.o(.text) for __ARM_get_argv
    sys_wrch.o(.text) refers (Special) to use_no_semi.o(.text) for __I$use$semihosting
    sys_wrch.o(.text) refers (Special) to indicate_semi.o(.text) for __semihosting_library_function
    defsig.o(CL$$defsig) refers to defsig_fpe_inner.o(.text) for __rt_SIGFPE_inner
    defsig.o(CL$$defsig) refers to defsig_rtmem_inner.o(.text) for __rt_SIGRTMEM_inner
    _get_argv_nomalloc.o(.text) refers (Special) to hrguard.o(.text) for __heap_region$guard
    _get_argv_nomalloc.o(.text) refers to defsig_rtmem_outer.o(.text) for __rt_SIGRTMEM
    _get_argv_nomalloc.o(.text) refers to sys_command.o(.text) for _sys_command_string
    libshutdown.o(.ARM.Collect$$libshutdown$$00000000) refers (Special) to libshutdown2.o(.ARM.Collect$$libshutdown$$00000002) for __rt_lib_shutdown_cpp_1
    libshutdown.o(.ARM.Collect$$libshutdown$$00000000) refers (Special) to libshutdown2.o(.ARM.Collect$$libshutdown$$00000007) for __rt_lib_shutdown_fp_trap_1
    libshutdown.o(.ARM.Collect$$libshutdown$$00000000) refers (Special) to libshutdown2.o(.ARM.Collect$$libshutdown$$0000000F) for __rt_lib_shutdown_heap_1
    libshutdown.o(.ARM.Collect$$libshutdown$$00000000) refers (Special) to libshutdown2.o(.ARM.Collect$$libshutdown$$00000010) for __rt_lib_shutdown_return
    libshutdown.o(.ARM.Collect$$libshutdown$$00000000) refers (Special) to libshutdown2.o(.ARM.Collect$$libshutdown$$0000000A) for __rt_lib_shutdown_signal_1
    libshutdown.o(.ARM.Collect$$libshutdown$$00000000) refers (Special) to libshutdown2.o(.ARM.Collect$$libshutdown$$00000004) for __rt_lib_shutdown_stdio_1
    libshutdown.o(.ARM.Collect$$libshutdown$$00000000) refers (Special) to libshutdown2.o(.ARM.Collect$$libshutdown$$0000000C) for __rt_lib_shutdown_user_alloc_1
    sys_command.o(.text) refers (Special) to use_no_semi.o(.text) for __I$use$semihosting
    sys_command.o(.text) refers (Special) to indicate_semi.o(.text) for __semihosting_library_function
    defsig_abrt_inner.o(.text) refers to defsig_general.o(.text) for __default_signal_display
    defsig_rtred_inner.o(.text) refers to defsig_general.o(.text) for __default_signal_display
    defsig_rtmem_inner.o(.text) refers to defsig_general.o(.text) for __default_signal_display
    defsig_rtmem_outer.o(.text) refers to defsig_rtmem_inner.o(.text) for __rt_SIGRTMEM_inner
    defsig_rtmem_outer.o(.text) refers to defsig_exit.o(.text) for __sig_exit
    defsig_rtmem_formal.o(.text) refers to rt_raise.o(.text) for __rt_raise
    defsig_stak_inner.o(.text) refers to defsig_general.o(.text) for __default_signal_display
    defsig_pvfn_inner.o(.text) refers to defsig_general.o(.text) for __default_signal_display
    defsig_cppl_inner.o(.text) refers to defsig_general.o(.text) for __default_signal_display
    defsig_segv_inner.o(.text) refers to defsig_general.o(.text) for __default_signal_display
    defsig_other.o(.text) refers to defsig_general.o(.text) for __default_signal_display


==============================================================================

Removing Unused input sections from the image.

    Removing partest.o(.text), (80 bytes).

1 unused section(s) (total 80 bytes) removed from the image.

==============================================================================

Adding Veneers to the image

    Adding AT veneer (8 bytes, Inline) for call to '__rt_lib_init' from __rtentry2.o(.ARM.Collect$$rtentry$$0000000A).
    Adding AT veneer (8 bytes, Inline) for call to '__rt_lib_shutdown' from rtexit2.o(.ARM.Collect$$rtexit$$00000003).
    Adding TA veneer (4 bytes, Inline) for call to '__rt_exit' from exit.o(.text).
    Adding TA veneer (4 bytes, Inline) for call to '__aeabi_memcpy' from queue.o(.text).
    Adding TA veneer (4 bytes, Inline) for call to '__aeabi_memcpy4' from main.o(.text).
    Adding AT veneer (8 bytes, Inline) for call to '_sys_exit' from rtexit2.o(.ARM.Collect$$rtexit$$00000004).
    Adding TA veneer (4 bytes, Inline) for call to '__aeabi_uidivmod' from serial.o(.text).
    Adding TA veneer (4 bytes, Inline) for call to 'vPortStartFirstTask' from port.o(.text).
    Adding TA veneer (8 bytes, Short) for call to 'vPortYield' from tasks.o(.text).
    Adding TA veneer (4 bytes, Inline) for call to '__ARM_common_disable_irq' from tasks.o(.text).
    Adding TA veneer (4 bytes, Inline) for call to '__ARM_common_enable_irq' from port.o(.text).
    Adding TA veneer (4 bytes, Inline) for call to '__ARM_common_switch8' from tasks.o(.text).

12 Veneer(s) (total 64 bytes) added to the image.

==============================================================================

Image Symbol Table

    Local Symbols

    Symbol Name                              Value     Ov Type        Size  Object(Section)

    RESET                                    0x00000000   Section      260  startup.o(RESET)
    ../clib/angel/boardlib.s                 0x00000000   Number         0  boardinit2.o ABSOLUTE
    ../clib/angel/boardlib.s                 0x00000000   Number         0  boardinit1.o ABSOLUTE
    ../clib/angel/boardlib.s                 0x00000000   Number         0  boardshut.o ABSOLUTE
    ../clib/angel/boardlib.s                 0x00000000   Number         0  boardinit3.o ABSOLUTE
    ../clib/angel/dczerorl.s                 0x00000000   Number         0  __dczerorl.o ABSOLUTE
    ../clib/angel/handlers.s                 0x00000000   Number         0  __scatter_zi.o ABSOLUTE
    ../clib/angel/kernel.s                   0x00000000   Number         0  __rtentry.o ABSOLUTE
    ../clib/angel/kernel.s                   0x00000000   Number         0  rtexit.o ABSOLUTE
    ../clib/angel/kernel.s                   0x00000000   Number         0  __rtentry4.o ABSOLUTE
    ../clib/angel/kernel.s                   0x00000000   Number         0  __rtentry2.o ABSOLUTE
    ../clib/angel/kernel.s                   0x00000000   Number         0  rtexit2.o ABSOLUTE
    ../clib/angel/rt.s                       0x00000000   Number         0  aeabi_idiv0.o ABSOLUTE
    ../clib/angel/rt.s                       0x00000000   Number         0  rt_raise.o ABSOLUTE
    ../clib/angel/rt.s                       0x00000000   Number         0  aeabi_idiv0_sigfpe.o ABSOLUTE
    ../clib/angel/rt.s                       0x00000000   Number         0  rt_div0.o ABSOLUTE
    ../clib/angel/scatter.s                  0x00000000   Number         0  __scatter.o ABSOLUTE
    ../clib/angel/startup.s                  0x00000000   Number         0  __main.o ABSOLUTE
    ../clib/angel/sys.s                      0x00000000   Number         0  indicate_semi.o ABSOLUTE
    ../clib/angel/sys.s                      0x00000000   Number         0  use_no_semi.o ABSOLUTE
    ../clib/angel/sys.s                      0x00000000   Number         0  sys_stackheap_outer.o ABSOLUTE
    ../clib/angel/sys.s                      0x00000000   Number         0  libspace.o ABSOLUTE
    ../clib/angel/sysapp.c                   0x00000000   Number         0  sys_wrch.o ABSOLUTE
    ../clib/angel/sysapp.c                   0x00000000   Number         0  sys_command.o ABSOLUTE
    ../clib/angel/sysapp.c                   0x00000000   Number         0  sys_exit.o ABSOLUTE
    ../clib/armsys.c                         0x00000000   Number         0  _get_argv_nomalloc.o ABSOLUTE
    ../clib/armsys.c                         0x00000000   Number         0  no_argv.o ABSOLUTE
    ../clib/armsys.c                         0x00000000   Number         0  argv_veneer.o ABSOLUTE
    ../clib/armsys.c                         0x00000000   Number         0  argv_veneer.o ABSOLUTE
    ../clib/division.s                       0x00000000   Number         0  aeabi_sdiv.o ABSOLUTE
    ../clib/division.s                       0x00000000   Number         0  aeabi_sdiv_div0.o ABSOLUTE
    ../clib/divrt.s                          0x00000000   Number         0  divrt_7tdmi_div0.o ABSOLUTE
    ../clib/divrt.s                          0x00000000   Number         0  divrt_7tdmi.o ABSOLUTE
    ../clib/heapalloc.c                      0x00000000   Number         0  hrguard.o ABSOLUTE
    ../clib/heapaux.c                        0x00000000   Number         0  heapauxi.o ABSOLUTE
    ../clib/libinit.s                        0x00000000   Number         0  libinit2.o ABSOLUTE
    ../clib/libinit.s                        0x00000000   Number         0  libinit.o ABSOLUTE
    ../clib/libinit.s                        0x00000000   Number         0  libshutdown.o ABSOLUTE
    ../clib/libinit.s                        0x00000000   Number         0  libshutdown2.o ABSOLUTE
    ../clib/memcpset.s                       0x00000000   Number         0  rt_memcpy.o ABSOLUTE
    ../clib/memcpset.s                       0x00000000   Number         0  rt_memcpy_w.o ABSOLUTE
    ../clib/signal.c                         0x00000000   Number         0  defsig_stak_inner.o ABSOLUTE
    ../clib/signal.c                         0x00000000   Number         0  defsig_segv_inner.o ABSOLUTE
    ../clib/signal.c                         0x00000000   Number         0  defsig_abrt_inner.o ABSOLUTE
    ../clib/signal.c                         0x00000000   Number         0  defsig_exit.o ABSOLUTE
    ../clib/signal.c                         0x00000000   Number         0  defsig_cppl_inner.o ABSOLUTE
    ../clib/signal.c                         0x00000000   Number         0  defsig_rtred_inner.o ABSOLUTE
    ../clib/signal.c                         0x00000000   Number         0  defsig_fpe_formal.o ABSOLUTE
    ../clib/signal.c                         0x00000000   Number         0  defsig_rtmem_inner.o ABSOLUTE
    ../clib/signal.c                         0x00000000   Number         0  defsig_rtmem_outer.o ABSOLUTE
    ../clib/signal.c                         0x00000000   Number         0  defsig_rtmem_formal.o ABSOLUTE
    ../clib/signal.c                         0x00000000   Number         0  defsig_fpe_outer.o ABSOLUTE
    ../clib/signal.c                         0x00000000   Number         0  __raise.o ABSOLUTE
    ../clib/signal.c                         0x00000000   Number         0  defsig_fpe_inner.o ABSOLUTE
    ../clib/signal.c                         0x00000000   Number         0  defsig_pvfn_inner.o ABSOLUTE
    ../clib/signal.c                         0x00000000   Number         0  defsig_general.o ABSOLUTE
    ../clib/signal.c                         0x00000000   Number         0  defsig_other.o ABSOLUTE
    ../clib/signal.s                         0x00000000   Number         0  defsig.o ABSOLUTE
    ../clib/stdlib.c                         0x00000000   Number         0  exit.o ABSOLUTE
    ../fplib/fpinit.s                        0x00000000   Number         0  fpinit.o ABSOLUTE
    ..\..\Source\list.c                      0x00000000   Number         0  list.o ABSOLUTE
    ..\..\Source\portable\MemMang\heap_2.c   0x00000000   Number         0  heap_2.o ABSOLUTE
    ..\..\Source\portable\RVDS\ARM7_LPC21xx\port.c 0x00000000   Number         0  port.o ABSOLUTE
    ..\..\Source\portable\RVDS\ARM7_LPC21xx\portASM.s 0x00000000   Number         0  portasm.o ABSOLUTE
    ..\..\Source\queue.c                     0x00000000   Number         0  queue.o ABSOLUTE
    ..\..\Source\tasks.c                     0x00000000   Number         0  tasks.o ABSOLUTE
    ParTest\ParTest.c                        0x00000000   Number         0  partest.o ABSOLUTE
    Starter_Files_V1\source\GPIO.c           0x00000000   Number         0  gpio.o ABSOLUTE
    Starter_Files_V1\source\GPIO_cfg.c       0x00000000   Number         0  gpio_cfg.o ABSOLUTE
    Starter_Files_V1\source\main.c           0x00000000   Number         0  main.o ABSOLUTE
    Starter_Files_V1\source\serial.c         0x00000000   Number         0  serial.o ABSOLUTE
    Startup.s                                0x00000000   Number         0  startup.o ABSOLUTE
    dc.s                                     0x00000000   Number         0  dc.o ABSOLUTE
    serial\serialISR.s                       0x00000000   Number         0  serialisr.o ABSOLUTE
    Undef_Handler                            0x00000040   ARM Code       4  startup.o(RESET)
    PAbt_Handler                             0x00000048   ARM Code       4  startup.o(RESET)
    DAbt_Handler                             0x0000004c   ARM Code       4  startup.o(RESET)
    IRQ_Handler                              0x00000050   ARM Code       4  startup.o(RESET)
    FIQ_Handler                              0x00000054   ARM Code       4  startup.o(RESET)
    !!!main                                  0x00000104   Section        8  __main.o(!!!main)
    !!!scatter                               0x0000010c   Section       60  __scatter.o(!!!scatter)
    !!dczerorl                               0x00000148   Section       68  __dczerorl.o(!!dczerorl)
    !!handler_zi                             0x0000018c   Section       44  __scatter_zi.o(!!handler_zi)
    .ARM.Collect$$libinit$$00000000          0x000001c0   Section        2  libinit.o(.ARM.Collect$$libinit$$00000000)
    .ARM.Collect$$libinit$$00000002          0x000001c2   Section        0  libinit2.o(.ARM.Collect$$libinit$$00000002)
    .ARM.Collect$$libinit$$00000004          0x000001c2   Section        0  libinit2.o(.ARM.Collect$$libinit$$00000004)
    .ARM.Collect$$libinit$$0000000A          0x000001c2   Section        0  libinit2.o(.ARM.Collect$$libinit$$0000000A)
    .ARM.Collect$$libinit$$0000000C          0x000001c2   Section        0  libinit2.o(.ARM.Collect$$libinit$$0000000C)
    .ARM.Collect$$libinit$$0000000E          0x000001c2   Section        0  libinit2.o(.ARM.Collect$$libinit$$0000000E)
    .ARM.Collect$$libinit$$00000011          0x000001c2   Section        0  libinit2.o(.ARM.Collect$$libinit$$00000011)
    .ARM.Collect$$libinit$$00000013          0x000001c2   Section        0  libinit2.o(.ARM.Collect$$libinit$$00000013)
    .ARM.Collect$$libinit$$00000015          0x000001c2   Section        0  libinit2.o(.ARM.Collect$$libinit$$00000015)
    .ARM.Collect$$libinit$$00000017          0x000001c2   Section        0  libinit2.o(.ARM.Collect$$libinit$$00000017)
    .ARM.Collect$$libinit$$00000019          0x000001c2   Section        0  libinit2.o(.ARM.Collect$$libinit$$00000019)
    .ARM.Collect$$libinit$$0000001B          0x000001c2   Section        0  libinit2.o(.ARM.Collect$$libinit$$0000001B)
    .ARM.Collect$$libinit$$0000001D          0x000001c2   Section        0  libinit2.o(.ARM.Collect$$libinit$$0000001D)
    .ARM.Collect$$libinit$$0000001F          0x000001c2   Section        0  libinit2.o(.ARM.Collect$$libinit$$0000001F)
    .ARM.Collect$$libinit$$00000021          0x000001c2   Section        0  libinit2.o(.ARM.Collect$$libinit$$00000021)
    .ARM.Collect$$libinit$$00000023          0x000001c2   Section        0  libinit2.o(.ARM.Collect$$libinit$$00000023)
    .ARM.Collect$$libinit$$00000025          0x000001c2   Section        0  libinit2.o(.ARM.Collect$$libinit$$00000025)
    .ARM.Collect$$libinit$$0000002C          0x000001c2   Section        0  libinit2.o(.ARM.Collect$$libinit$$0000002C)
    .ARM.Collect$$libinit$$0000002E          0x000001c2   Section        0  libinit2.o(.ARM.Collect$$libinit$$0000002E)
    .ARM.Collect$$libinit$$00000030          0x000001c2   Section        0  libinit2.o(.ARM.Collect$$libinit$$00000030)
    .ARM.Collect$$libinit$$00000032          0x000001c2   Section        0  libinit2.o(.ARM.Collect$$libinit$$00000032)
    .ARM.Collect$$libinit$$00000033          0x000001c2   Section       12  libinit2.o(.ARM.Collect$$libinit$$00000033)
    .ARM.Collect$$libshutdown$$00000000      0x000001d8   Section        4  libshutdown.o(.ARM.Collect$$libshutdown$$00000000)
    .ARM.Collect$$libshutdown$$00000002      0x000001dc   Section        0  libshutdown2.o(.ARM.Collect$$libshutdown$$00000002)
    .ARM.Collect$$libshutdown$$00000004      0x000001dc   Section        0  libshutdown2.o(.ARM.Collect$$libshutdown$$00000004)
    .ARM.Collect$$libshutdown$$00000007      0x000001dc   Section        0  libshutdown2.o(.ARM.Collect$$libshutdown$$00000007)
    .ARM.Collect$$libshutdown$$0000000A      0x000001dc   Section        0  libshutdown2.o(.ARM.Collect$$libshutdown$$0000000A)
    .ARM.Collect$$libshutdown$$0000000C      0x000001dc   Section        0  libshutdown2.o(.ARM.Collect$$libshutdown$$0000000C)
    .ARM.Collect$$libshutdown$$0000000F      0x000001dc   Section        0  libshutdown2.o(.ARM.Collect$$libshutdown$$0000000F)
    .ARM.Collect$$libshutdown$$00000010      0x000001dc   Section        6  libshutdown2.o(.ARM.Collect$$libshutdown$$00000010)
    .ARM.Collect$$rtentry$$00000000          0x000001e4   Section        0  __rtentry.o(.ARM.Collect$$rtentry$$00000000)
    .ARM.Collect$$rtentry$$00000002          0x000001e4   Section        0  __rtentry2.o(.ARM.Collect$$rtentry$$00000002)
    .ARM.Collect$$rtentry$$00000004          0x000001e4   Section        8  __rtentry4.o(.ARM.Collect$$rtentry$$00000004)
    .ARM.Collect$$rtentry$$00000009          0x000001ec   Section        0  __rtentry2.o(.ARM.Collect$$rtentry$$00000009)
    .ARM.Collect$$rtentry$$0000000A          0x000001ec   Section        4  __rtentry2.o(.ARM.Collect$$rtentry$$0000000A)
    .ARM.Collect$$rtentry$$0000000C          0x000001f0   Section        0  __rtentry2.o(.ARM.Collect$$rtentry$$0000000C)
    .ARM.Collect$$rtentry$$0000000D          0x000001f0   Section       40  __rtentry2.o(.ARM.Collect$$rtentry$$0000000D)
    .ARM.Collect$$rtexit$$00000000           0x0000021c   Section        4  rtexit.o(.ARM.Collect$$rtexit$$00000000)
    .ARM.Collect$$rtexit$$00000002           0x00000220   Section        0  rtexit2.o(.ARM.Collect$$rtexit$$00000002)
    .ARM.Collect$$rtexit$$00000003           0x00000220   Section        4  rtexit2.o(.ARM.Collect$$rtexit$$00000003)
    .ARM.Collect$$rtexit$$00000004           0x00000224   Section        8  rtexit2.o(.ARM.Collect$$rtexit$$00000004)
    .text                                    0x0000022c   Section       32  startup.o(.text)
    .text                                    0x0000024c   Section      148  serialisr.o(.text)
    .text                                    0x000002e0   Section        0  gpio.o(.text)
    .text                                    0x0000043c   Section        0  main.o(.text)
    configTimer1                             0x000006e7   Thumb Code    22  main.o(.text)
    prvSetupHardware                         0x000006fd   Thumb Code    30  main.o(.text)
    .text                                    0x000008e0   Section        0  serial.o(.text)
    .text                                    0x00000a84   Section        0  tasks.o(.text)
    prvInitialiseTaskLists                   0x00000a9b   Thumb Code    78  tasks.o(.text)
    prvAddNewTaskToReadyList                 0x00000ae9   Thumb Code   146  tasks.o(.text)
    prvInitialiseNewTask                     0x00000b7b   Thumb Code   148  tasks.o(.text)
    prvResetNextTaskUnblockTime              0x00000cdd   Thumb Code    46  tasks.o(.text)
    prvDeleteTCB                             0x00000d0b   Thumb Code    22  tasks.o(.text)
    prvAddCurrentTaskToDelayedList           0x00000fa5   Thumb Code   104  tasks.o(.text)
    prvTaskIsTaskSuspended                   0x00001243   Thumb Code    66  tasks.o(.text)
    prvCheckTasksWaitingTermination          0x00001377   Thumb Code    64  tasks.o(.text)
    prvIdleTask                              0x000013bd   Thumb Code    36  tasks.o(.text)
    .text                                    0x000019b0   Section        0  list.o(.text)
    .text                                    0x00001a48   Section        0  queue.o(.text)
    prvInitialiseNewQueue                    0x00001ac5   Thumb Code    42  queue.o(.text)
    prvCopyDataToQueue                       0x00001b2d   Thumb Code   112  queue.o(.text)
    prvNotifyQueueSetContainer               0x00001b9d   Thumb Code    90  queue.o(.text)
    prvUnlockQueue                           0x00001bf7   Thumb Code   172  queue.o(.text)
    prvIsQueueFull                           0x00001ca3   Thumb Code    34  queue.o(.text)
    prvIsQueueEmpty                          0x00001f11   Thumb Code    32  queue.o(.text)
    prvCopyDataFromQueue                     0x00001f31   Thumb Code    48  queue.o(.text)
    .text                                    0x000023f8   Section        0  port.o(.text)
    prvSetupTimerInterrupt                   0x00002479   Thumb Code    60  port.o(.text)
    .text                                    0x00002550   Section        0  heap_2.o(.text)
    prvHeapInit                              0x00002551   Thumb Code    38  heap_2.o(.text)
    .text                                    0x00002684   Section      212  rt_memcpy.o(.text)
    .text                                    0x0000275c   Section      100  rt_memcpy_w.o(.text)
    .text                                    0x000027c0   Section      384  aeabi_sdiv.o(.text)
    __arm_div8                               0x000027ec   ARM Code       0  aeabi_sdiv.o(.text)
    __arm_div5                               0x00002810   ARM Code       0  aeabi_sdiv.o(.text)
    __arm_div2                               0x00002834   ARM Code       0  aeabi_sdiv.o(.text)
    __arm_div_large                          0x00002870   ARM Code       0  aeabi_sdiv.o(.text)
    .text                                    0x00002940   Section        0  heapauxi.o(.text)
    .text                                    0x00002948   Section       96  sys_stackheap_outer.o(.text)
    .text                                    0x000029a8   Section        0  exit.o(.text)
    .text                                    0x000029bc   Section       12  libspace.o(.text)
    .text                                    0x000029d0   Section        0  sys_exit.o(.text)
    .text                                    0x000029dc   Section        4  use_no_semi.o(.text)
    .text                                    0x000029e0   Section        0  indicate_semi.o(.text)
    .text_udiv                               0x000029e4   Section       36  aeabi_sdiv.o(.text_udiv)
    PORT_ASM                                 0x00002a0c   Section      396  portasm.o(PORT_ASM)
    i.__ARM_common_disable_irq               0x00002ba4   Section        0  tasks.o(i.__ARM_common_disable_irq)
    i.__ARM_common_enable_irq                0x00002bbc   Section        0  port.o(i.__ARM_common_enable_irq)
    i.__ARM_common_switch8                   0x00002bd0   Section        0  tasks.o(i.__ARM_common_switch8)
    .data                                    0x40000000   Section       92  gpio_cfg.o(.data)
    .data                                    0x4000005c   Section      116  main.o(.data)
    .data                                    0x400000d0   Section        4  serial.o(.data)
    .data                                    0x400000d4   Section       60  tasks.o(.data)
    pxDelayedTaskList                        0x400000d8   Data           4  tasks.o(.data)
    pxOverflowDelayedTaskList                0x400000dc   Data           4  tasks.o(.data)
    uxDeletedTasksWaitingCleanUp             0x400000e0   Data           4  tasks.o(.data)
    uxCurrentNumberOfTasks                   0x400000e4   Data           4  tasks.o(.data)
    xTickCount                               0x400000e8   Data           4  tasks.o(.data)
    uxTopReadyPriority                       0x400000ec   Data           4  tasks.o(.data)
    xSchedulerRunning                        0x400000f0   Data           4  tasks.o(.data)
    xPendedTicks                             0x400000f4   Data           4  tasks.o(.data)
    xYieldPending                            0x400000f8   Data           4  tasks.o(.data)
    xNumOfOverflows                          0x400000fc   Data           4  tasks.o(.data)
    uxTaskNumber                             0x40000100   Data           4  tasks.o(.data)
    xNextTaskUnblockTime                     0x40000104   Data           4  tasks.o(.data)
    xIdleTaskHandle                          0x40000108   Data           4  tasks.o(.data)
    uxSchedulerSuspended                     0x4000010c   Data           4  tasks.o(.data)
    .data                                    0x40000110   Section        4  port.o(.data)
    .data                                    0x40000114   Section       24  heap_2.o(.data)
    xStart                                   0x40000114   Data           8  heap_2.o(.data)
    xEnd                                     0x4000011c   Data           8  heap_2.o(.data)
    xFreeBytesRemaining                      0x40000124   Data           4  heap_2.o(.data)
    xHeapHasBeenInitialised                  0x40000128   Data           4  heap_2.o(.data)
    .bss                                     0x4000012c   Section      200  serial.o(.bss)
    .bss                                     0x400001f4   Section      200  tasks.o(.bss)
    xReadyTasksListEDF                       0x400001f4   Data          20  tasks.o(.bss)
    pxReadyTasksLists                        0x40000208   Data          80  tasks.o(.bss)
    xDelayedTaskList1                        0x40000258   Data          20  tasks.o(.bss)
    xDelayedTaskList2                        0x4000026c   Data          20  tasks.o(.bss)
    xPendingReadyList                        0x40000280   Data          20  tasks.o(.bss)
    xTasksWaitingTermination                 0x40000294   Data          20  tasks.o(.bss)
    xSuspendedTaskList                       0x400002a8   Data          20  tasks.o(.bss)
    .bss                                     0x400002bc   Section    13312  heap_2.o(.bss)
    ucHeap                                   0x400002bc   Data       13312  heap_2.o(.bss)
    .bss                                     0x400036bc   Section       96  libspace.o(.bss)
    HEAP                                     0x40003720   Section        0  startup.o(HEAP)
    STACK                                    0x40003720   Section     1568  startup.o(STACK)
    Heap_Mem                                 0x40003720   Data           0  startup.o(HEAP)
    Stack_Mem                                0x40003720   Data        1568  startup.o(STACK)
    Stack_Top                                0x40003d40   Data           0  startup.o(STACK)

    Global Symbols

    Symbol Name                              Value     Ov Type        Size  Object(Section)

    BuildAttributes$$THM_ISAv1$ARM_ISAv4$S$PE$A:L22$X:L11$S22$IEEE1$IW$USESV6$~STKCKD$USESV7$~SHL$OSPACE$ROPI$EBA8$UX$STANDARDLIB$REQ8$PRES8$EABIv2 0x00000000   Number         0  anon$$obj.o ABSOLUTE
    __ARM_use_no_argv                        0x00000000   Number         0  main.o ABSOLUTE
    __ARM_exceptions_init                     - Undefined Weak Reference
    __alloca_initialize                       - Undefined Weak Reference
    __arm_preinit_                            - Undefined Weak Reference
    __cpp_initialize__aeabi_                  - Undefined Weak Reference
    __cxa_finalize                            - Undefined Weak Reference
    __rt_locale                               - Undefined Weak Reference
    __sigvec_lookup                           - Undefined Weak Reference
    _atexit_init                              - Undefined Weak Reference
    _call_atexit_fns                          - Undefined Weak Reference
    _clock_init                               - Undefined Weak Reference
    _fp_trap_init                             - Undefined Weak Reference
    _fp_trap_shutdown                         - Undefined Weak Reference
    _get_lc_collate                           - Undefined Weak Reference
    _get_lc_ctype                             - Undefined Weak Reference
    _get_lc_monetary                          - Undefined Weak Reference
    _get_lc_numeric                           - Undefined Weak Reference
    _get_lc_time                              - Undefined Weak Reference
    _getenv_init                              - Undefined Weak Reference
    _handle_redirection                       - Undefined Weak Reference
    _init_alloc                               - Undefined Weak Reference
    _init_user_alloc                          - Undefined Weak Reference
    _initio                                   - Undefined Weak Reference
    _rand_init                                - Undefined Weak Reference
    _signal_finish                            - Undefined Weak Reference
    _signal_init                              - Undefined Weak Reference
    _terminate_alloc                          - Undefined Weak Reference
    _terminate_user_alloc                     - Undefined Weak Reference
    _terminateio                              - Undefined Weak Reference
    Reset_Handler                            0x00000058   ARM Code       0  startup.o(RESET)
    __main                                   0x00000104   ARM Code       8  __main.o(!!!main)
    __scatterload                            0x0000010c   ARM Code       0  __scatter.o(!!!scatter)
    __scatterload_rt2                        0x0000010c   ARM Code      52  __scatter.o(!!!scatter)
    __scatterload_null                       0x00000120   ARM Code       0  __scatter.o(!!!scatter)
    __decompress                             0x00000148   ARM Code      68  __dczerorl.o(!!dczerorl)
    __decompress0                            0x00000148   ARM Code       0  __dczerorl.o(!!dczerorl)
    __scatterload_zeroinit                   0x0000018c   ARM Code      44  __scatter_zi.o(!!handler_zi)
    Inline ARM to Thumb Veneer to __rt_lib_init 0x000001b8   ARM Code       8  libinit.o(.ARM.Collect$$libinit$$00000000)
    __rt_lib_init                            0x000001c1   Thumb Code     0  libinit.o(.ARM.Collect$$libinit$$00000000)
    __rt_lib_init_alloca_1                   0x000001c3   Thumb Code     0  libinit2.o(.ARM.Collect$$libinit$$0000002E)
    __rt_lib_init_argv_1                     0x000001c3   Thumb Code     0  libinit2.o(.ARM.Collect$$libinit$$0000002C)
    __rt_lib_init_atexit_1                   0x000001c3   Thumb Code     0  libinit2.o(.ARM.Collect$$libinit$$0000001B)
    __rt_lib_init_clock_1                    0x000001c3   Thumb Code     0  libinit2.o(.ARM.Collect$$libinit$$00000021)
    __rt_lib_init_cpp_1                      0x000001c3   Thumb Code     0  libinit2.o(.ARM.Collect$$libinit$$00000032)
    __rt_lib_init_exceptions_1               0x000001c3   Thumb Code     0  libinit2.o(.ARM.Collect$$libinit$$00000030)
    __rt_lib_init_fp_1                       0x000001c3   Thumb Code     0  libinit2.o(.ARM.Collect$$libinit$$00000002)
    __rt_lib_init_fp_trap_1                  0x000001c3   Thumb Code     0  libinit2.o(.ARM.Collect$$libinit$$0000001F)
    __rt_lib_init_getenv_1                   0x000001c3   Thumb Code     0  libinit2.o(.ARM.Collect$$libinit$$00000023)
    __rt_lib_init_heap_1                     0x000001c3   Thumb Code     0  libinit2.o(.ARM.Collect$$libinit$$0000000A)
    __rt_lib_init_lc_collate_1               0x000001c3   Thumb Code     0  libinit2.o(.ARM.Collect$$libinit$$00000011)
    __rt_lib_init_lc_ctype_1                 0x000001c3   Thumb Code     0  libinit2.o(.ARM.Collect$$libinit$$00000013)
    __rt_lib_init_lc_monetary_1              0x000001c3   Thumb Code     0  libinit2.o(.ARM.Collect$$libinit$$00000015)
    __rt_lib_init_lc_numeric_1               0x000001c3   Thumb Code     0  libinit2.o(.ARM.Collect$$libinit$$00000017)
    __rt_lib_init_lc_time_1                  0x000001c3   Thumb Code     0  libinit2.o(.ARM.Collect$$libinit$$00000019)
    __rt_lib_init_preinit_1                  0x000001c3   Thumb Code     0  libinit2.o(.ARM.Collect$$libinit$$00000004)
    __rt_lib_init_rand_1                     0x000001c3   Thumb Code     0  libinit2.o(.ARM.Collect$$libinit$$0000000E)
    __rt_lib_init_return                     0x000001c3   Thumb Code     0  libinit2.o(.ARM.Collect$$libinit$$00000033)
    __rt_lib_init_signal_1                   0x000001c3   Thumb Code     0  libinit2.o(.ARM.Collect$$libinit$$0000001D)
    __rt_lib_init_stdio_1                    0x000001c3   Thumb Code     0  libinit2.o(.ARM.Collect$$libinit$$00000025)
    __rt_lib_init_user_alloc_1               0x000001c3   Thumb Code     0  libinit2.o(.ARM.Collect$$libinit$$0000000C)
    Inline ARM to Thumb Veneer to __rt_lib_shutdown 0x000001d0   ARM Code       8  libshutdown.o(.ARM.Collect$$libshutdown$$00000000)
    __rt_lib_shutdown                        0x000001d9   Thumb Code     0  libshutdown.o(.ARM.Collect$$libshutdown$$00000000)
    __rt_lib_shutdown_cpp_1                  0x000001dd   Thumb Code     0  libshutdown2.o(.ARM.Collect$$libshutdown$$00000002)
    __rt_lib_shutdown_fp_trap_1              0x000001dd   Thumb Code     0  libshutdown2.o(.ARM.Collect$$libshutdown$$00000007)
    __rt_lib_shutdown_heap_1                 0x000001dd   Thumb Code     0  libshutdown2.o(.ARM.Collect$$libshutdown$$0000000F)
    __rt_lib_shutdown_return                 0x000001dd   Thumb Code     0  libshutdown2.o(.ARM.Collect$$libshutdown$$00000010)
    __rt_lib_shutdown_signal_1               0x000001dd   Thumb Code     0  libshutdown2.o(.ARM.Collect$$libshutdown$$0000000A)
    __rt_lib_shutdown_stdio_1                0x000001dd   Thumb Code     0  libshutdown2.o(.ARM.Collect$$libshutdown$$00000004)
    __rt_lib_shutdown_user_alloc_1           0x000001dd   Thumb Code     0  libshutdown2.o(.ARM.Collect$$libshutdown$$0000000C)
    __rt_entry                               0x000001e4   ARM Code       0  __rtentry.o(.ARM.Collect$$rtentry$$00000000)
    __rt_entry_presh_1                       0x000001e4   ARM Code       0  __rtentry2.o(.ARM.Collect$$rtentry$$00000002)
    __rt_entry_sh                            0x000001e4   ARM Code       0  __rtentry4.o(.ARM.Collect$$rtentry$$00000004)
    __rt_entry_li                            0x000001ec   ARM Code       0  __rtentry2.o(.ARM.Collect$$rtentry$$0000000A)
    __rt_entry_postsh_1                      0x000001ec   ARM Code       0  __rtentry2.o(.ARM.Collect$$rtentry$$00000009)
    __rt_entry_main                          0x000001f0   ARM Code       0  __rtentry2.o(.ARM.Collect$$rtentry$$0000000D)
    __rt_entry_postli_1                      0x000001f0   ARM Code       0  __rtentry2.o(.ARM.Collect$$rtentry$$0000000C)
    Inline Thumb to ARM Veneer to __rt_exit  0x00000219   Thumb Code     4  rtexit.o(.ARM.Collect$$rtexit$$00000000)
    __rt_exit                                0x0000021c   ARM Code       0  rtexit.o(.ARM.Collect$$rtexit$$00000000)
    __rt_exit_ls                             0x00000220   ARM Code       0  rtexit2.o(.ARM.Collect$$rtexit$$00000003)
    __rt_exit_prels_1                        0x00000220   ARM Code       0  rtexit2.o(.ARM.Collect$$rtexit$$00000002)
    __rt_exit_exit                           0x00000224   ARM Code       0  rtexit2.o(.ARM.Collect$$rtexit$$00000004)
    __user_initial_stackheap                 0x0000022c   ARM Code       0  startup.o(.text)
    vUART_ISREntry                           0x0000024c   ARM Code       0  serialisr.o(.text)
    GPIO_init                                0x000002e1   Thumb Code   198  gpio.o(.text)
    GPIO_read                                0x000003a7   Thumb Code    40  gpio.o(.text)
    GPIO_write                               0x000003cf   Thumb Code    96  gpio.o(.text)
    vApplicationTickHook                     0x0000043d   Thumb Code    28  main.o(.text)
    vApplicationIdleHook                     0x00000459   Thumb Code    18  main.o(.text)
    T1_Button1                               0x0000046b   Thumb Code   116  main.o(.text)
    T2_Button2                               0x000004df   Thumb Code   116  main.o(.text)
    T3_PeriodicString                        0x00000553   Thumb Code   100  main.o(.text)
    T4_UART_Print                            0x000005b7   Thumb Code   212  main.o(.text)
    T5_Load1                                 0x0000068b   Thumb Code    46  main.o(.text)
    T6_Load2                                 0x000006b9   Thumb Code    46  main.o(.text)
    main                                     0x0000071b   Thumb Code   206  main.o(.text)
    timer1Reset                              0x000007e9   Thumb Code    26  main.o(.text)
    xSerialPortInitMinimal                   0x000008e1   Thumb Code   124  serial.o(.text)
    xSerialGetChar                           0x0000095d   Thumb Code    34  serial.o(.text)
    xSerialPutChar                           0x0000097f   Thumb Code     6  serial.o(.text)
    vSerialPutString                         0x00000985   Thumb Code    84  serial.o(.text)
    vUART_ISRHandler                         0x000009d9   Thumb Code   122  serial.o(.text)
    xTaskGetTickCount                        0x00000a85   Thumb Code    22  tasks.o(.text)
    xTaskPeriodicCreate                      0x00000c0f   Thumb Code   110  tasks.o(.text)
    xTaskCreate                              0x00000c7d   Thumb Code    96  tasks.o(.text)
    vTaskDelete                              0x00000d21   Thumb Code   130  tasks.o(.text)
    xTaskIncrementTick                       0x00000da3   Thumb Code   326  tasks.o(.text)
    xTaskResumeAll                           0x00000ee9   Thumb Code   188  tasks.o(.text)
    vTaskSuspendAll                          0x0000100d   Thumb Code    12  tasks.o(.text)
    vTaskDelayUntil                          0x00001019   Thumb Code    96  tasks.o(.text)
    vTaskDelay                               0x00001079   Thumb Code    42  tasks.o(.text)
    uxTaskPriorityGet                        0x000010a3   Thumb Code    36  tasks.o(.text)
    uxTaskPriorityGetFromISR                 0x000010c7   Thumb Code    26  tasks.o(.text)
    vTaskPrioritySet                         0x000010e1   Thumb Code   180  tasks.o(.text)
    vTaskSwitchContext                       0x00001195   Thumb Code    34  tasks.o(.text)
    vTaskSuspend                             0x000011b7   Thumb Code   140  tasks.o(.text)
    vTaskResume                              0x00001285   Thumb Code   150  tasks.o(.text)
    xTaskResumeFromISR                       0x0000131b   Thumb Code    92  tasks.o(.text)
    xTaskGetIdleTaskHandle                   0x000013b7   Thumb Code     6  tasks.o(.text)
    vTaskStartScheduler                      0x000013e1   Thumb Code    64  tasks.o(.text)
    vTaskEndScheduler                        0x00001421   Thumb Code    22  tasks.o(.text)
    xTaskGetTickCountFromISR                 0x00001437   Thumb Code     8  tasks.o(.text)
    uxTaskGetNumberOfTasks                   0x0000143f   Thumb Code     6  tasks.o(.text)
    pcTaskGetName                            0x00001445   Thumb Code    22  tasks.o(.text)
    xTaskCatchUpTicks                        0x0000145b   Thumb Code    34  tasks.o(.text)
    vTaskPlaceOnEventList                    0x0000147d   Thumb Code    32  tasks.o(.text)
    vTaskPlaceOnUnorderedEventList           0x0000149d   Thumb Code    46  tasks.o(.text)
    xTaskRemoveFromEventList                 0x000014cb   Thumb Code    98  tasks.o(.text)
    vTaskRemoveFromUnorderedEventList        0x0000152d   Thumb Code    76  tasks.o(.text)
    vTaskSetTimeOutState                     0x00001579   Thumb Code    30  tasks.o(.text)
    vTaskInternalSetTimeOutState             0x00001597   Thumb Code    14  tasks.o(.text)
    xTaskCheckForTimeOut                     0x000015a5   Thumb Code    90  tasks.o(.text)
    vTaskMissedYield                         0x000015ff   Thumb Code     8  tasks.o(.text)
    uxTaskResetEventItemValue                0x00001607   Thumb Code    24  tasks.o(.text)
    ulTaskNotifyTake                         0x0000161f   Thumb Code   106  tasks.o(.text)
    xTaskNotifyWait                          0x00001689   Thumb Code   216  tasks.o(.text)
    xTaskGenericNotify                       0x00001761   Thumb Code   162  tasks.o(.text)
    xTaskGenericNotifyFromISR                0x00001803   Thumb Code   192  tasks.o(.text)
    vTaskNotifyGiveFromISR                   0x000018c3   Thumb Code   112  tasks.o(.text)
    xTaskNotifyStateClear                    0x00001933   Thumb Code    54  tasks.o(.text)
    ulTaskNotifyValueClear                   0x00001969   Thumb Code    48  tasks.o(.text)
    vListInitialise                          0x000019b1   Thumb Code    26  list.o(.text)
    vListInitialiseItem                      0x000019cb   Thumb Code     6  list.o(.text)
    vListInsertEnd                           0x000019d1   Thumb Code    24  list.o(.text)
    vListInsert                              0x000019e9   Thumb Code    56  list.o(.text)
    uxListRemove                             0x00001a21   Thumb Code    40  list.o(.text)
    xQueueGenericReset                       0x00001a49   Thumb Code   124  queue.o(.text)
    xQueueGenericCreate                      0x00001aef   Thumb Code    62  queue.o(.text)
    xQueueGenericSend                        0x00001cc5   Thumb Code   292  queue.o(.text)
    xQueueGenericSendFromISR                 0x00001de9   Thumb Code   162  queue.o(.text)
    xQueueGiveFromISR                        0x00001e8b   Thumb Code   134  queue.o(.text)
    xQueueReceive                            0x00001f61   Thumb Code   242  queue.o(.text)
    xQueueSemaphoreTake                      0x00002053   Thumb Code   234  queue.o(.text)
    xQueuePeek                               0x0000213d   Thumb Code   246  queue.o(.text)
    xQueueReceiveFromISR                     0x00002233   Thumb Code   118  queue.o(.text)
    xQueuePeekFromISR                        0x000022a9   Thumb Code    44  queue.o(.text)
    uxQueueMessagesWaiting                   0x000022d5   Thumb Code    22  queue.o(.text)
    uxQueueSpacesAvailable                   0x000022eb   Thumb Code    28  queue.o(.text)
    uxQueueMessagesWaitingFromISR            0x00002307   Thumb Code     8  queue.o(.text)
    vQueueDelete                             0x0000230f   Thumb Code    18  queue.o(.text)
    xQueueIsQueueEmptyFromISR                0x00002321   Thumb Code    18  queue.o(.text)
    xQueueIsQueueFullFromISR                 0x00002333   Thumb Code    24  queue.o(.text)
    xQueueCreateSet                          0x0000234b   Thumb Code    24  queue.o(.text)
    xQueueAddToSet                           0x00002363   Thumb Code    46  queue.o(.text)
    xQueueRemoveFromSet                      0x00002391   Thumb Code    50  queue.o(.text)
    xQueueSelectFromSet                      0x000023c3   Thumb Code    28  queue.o(.text)
    xQueueSelectFromSetFromISR               0x000023df   Thumb Code    26  queue.o(.text)
    pxPortInitialiseStack                    0x000023f9   Thumb Code   128  port.o(.text)
    xPortStartScheduler                      0x000024b5   Thumb Code    18  port.o(.text)
    vPortEndScheduler                        0x000024c7   Thumb Code     2  port.o(.text)
    vPortEnterCritical                       0x000024c9   Thumb Code    22  port.o(.text)
    vPortExitCritical                        0x000024df   Thumb Code    38  port.o(.text)
    pvPortMalloc                             0x00002577   Thumb Code   170  heap_2.o(.text)
    vPortFree                                0x00002621   Thumb Code    62  heap_2.o(.text)
    xPortGetFreeHeapSize                     0x0000265f   Thumb Code     6  heap_2.o(.text)
    vPortInitialiseBlocks                    0x00002665   Thumb Code     2  heap_2.o(.text)
    Inline Thumb to ARM Veneer to __aeabi_memcpy 0x00002681   Thumb Code     4  rt_memcpy.o(.text)
    __aeabi_memcpy                           0x00002684   ARM Code       0  rt_memcpy.o(.text)
    __rt_memcpy                              0x00002684   ARM Code     212  rt_memcpy.o(.text)
    _memcpy_lastbytes                        0x00002738   ARM Code       0  rt_memcpy.o(.text)
    Inline Thumb to ARM Veneer to __aeabi_memcpy4 0x00002759   Thumb Code     4  rt_memcpy_w.o(.text)
    __aeabi_memcpy4                          0x0000275c   ARM Code       0  rt_memcpy_w.o(.text)
    __aeabi_memcpy8                          0x0000275c   ARM Code       0  rt_memcpy_w.o(.text)
    __rt_memcpy_w                            0x0000275c   ARM Code     100  rt_memcpy_w.o(.text)
    _memcpy_lastbytes_aligned                0x000027a8   ARM Code       0  rt_memcpy_w.o(.text)
    __aeabi_idiv                             0x000027c0   ARM Code       0  aeabi_sdiv.o(.text)
    __aeabi_idivmod                          0x000027c0   ARM Code     384  aeabi_sdiv.o(.text)
    __use_two_region_memory                  0x00002941   Thumb Code     2  heapauxi.o(.text)
    __rt_heap_escrow$2region                 0x00002943   Thumb Code     2  heapauxi.o(.text)
    __rt_heap_expand$2region                 0x00002945   Thumb Code     2  heapauxi.o(.text)
    __user_setup_stackheap                   0x00002948   ARM Code      96  sys_stackheap_outer.o(.text)
    exit                                     0x000029a9   Thumb Code    20  exit.o(.text)
    __user_libspace                          0x000029bc   ARM Code      12  libspace.o(.text)
    __user_perproc_libspace                  0x000029bc   ARM Code       0  libspace.o(.text)
    __user_perthread_libspace                0x000029bc   ARM Code       0  libspace.o(.text)
    Inline ARM to Thumb Veneer to _sys_exit  0x000029c8   ARM Code       8  sys_exit.o(.text)
    _sys_exit                                0x000029d1   Thumb Code     8  sys_exit.o(.text)
    __I$use$semihosting                      0x000029dc   ARM Code       0  use_no_semi.o(.text)
    __use_no_semihosting_swi                 0x000029dc   ARM Code       4  use_no_semi.o(.text)
    Inline Thumb to ARM Veneer to __aeabi_uidivmod 0x000029e1   Thumb Code     4  aeabi_sdiv.o(.text_udiv)
    __semihosting_library_function           0x000029e0   ARM Code       0  indicate_semi.o(.text)
    __aeabi_uidiv                            0x000029e4   ARM Code       0  aeabi_sdiv.o(.text_udiv)
    __aeabi_uidivmod                         0x000029e4   ARM Code      36  aeabi_sdiv.o(.text_udiv)
    Inline Thumb to ARM Veneer to vPortStartFirstTask 0x00002a09   Thumb Code     4  portasm.o(PORT_ASM)
    vPortStartFirstTask                      0x00002a0c   ARM Code       0  portasm.o(PORT_ASM)
    vPortYield                               0x00002a3c   ARM Code       0  portasm.o(PORT_ASM)
    vPortYieldProcessor                      0x00002a44   ARM Code       0  portasm.o(PORT_ASM)
    vPreemptiveTick                          0x00002ad0   ARM Code       0  portasm.o(PORT_ASM)
    Short Thumb to ARM Veneer to vPortYield  0x00002b99   Thumb Code     8  anon$$obj.o(Veneer$$Code)
    Inline Thumb to ARM Veneer to __ARM_common_disable_irq 0x00002ba1   Thumb Code     4  tasks.o(i.__ARM_common_disable_irq)
    __ARM_common_disable_irq                 0x00002ba4   ARM Code      20  tasks.o(i.__ARM_common_disable_irq)
    Inline Thumb to ARM Veneer to __ARM_common_enable_irq 0x00002bb9   Thumb Code     4  port.o(i.__ARM_common_enable_irq)
    __ARM_common_enable_irq                  0x00002bbc   ARM Code      16  port.o(i.__ARM_common_enable_irq)
    Inline Thumb to ARM Veneer to __ARM_common_switch8 0x00002bcd   Thumb Code     4  tasks.o(i.__ARM_common_switch8)
    __ARM_common_switch8                     0x00002bd0   ARM Code      32  tasks.o(i.__ARM_common_switch8)
    Region$$Table$$Base                      0x00002bf0   Number         0  anon$$obj.o(Region$$Table)
    Region$$Table$$Limit                     0x00002c10   Number         0  anon$$obj.o(Region$$Table)
    PinConfig_array                          0x40000000   Data          90  gpio_cfg.o(.data)
    PinConfig_array_size                     0x4000005a   Data           2  gpio_cfg.o(.data)
    T1_Handle                                0x4000005c   Data           4  main.o(.data)
    T2_Handle                                0x40000060   Data           4  main.o(.data)
    T3_Handle                                0x40000064   Data           4  main.o(.data)
    T4_Handle                                0x40000068   Data           4  main.o(.data)
    T5_Handle                                0x4000006c   Data           4  main.o(.data)
    T6_Handle                                0x40000070   Data           4  main.o(.data)
    Q_T1_Button1                             0x40000074   Data           4  main.o(.data)
    Q_T2_Button2                             0x40000078   Data           4  main.o(.data)
    Q_T3_String                              0x4000007c   Data           4  main.o(.data)
    T1_IN                                    0x40000080   Data           4  main.o(.data)
    T1_OUT                                   0x40000084   Data           4  main.o(.data)
    T1_Total                                 0x40000088   Data           4  main.o(.data)
    T2_IN                                    0x4000008c   Data           4  main.o(.data)
    T2_OUT                                   0x40000090   Data           4  main.o(.data)
    T2_Total                                 0x40000094   Data           4  main.o(.data)
    T3_IN                                    0x40000098   Data           4  main.o(.data)
    T3_OUT                                   0x4000009c   Data           4  main.o(.data)
    T3_Total                                 0x400000a0   Data           4  main.o(.data)
    T4_IN                                    0x400000a4   Data           4  main.o(.data)
    T4_OUT                                   0x400000a8   Data           4  main.o(.data)
    T4_Total                                 0x400000ac   Data           4  main.o(.data)
    T5_IN                                    0x400000b0   Data           4  main.o(.data)
    T5_OUT                                   0x400000b4   Data           4  main.o(.data)
    T5_Total                                 0x400000b8   Data           4  main.o(.data)
    T6_IN                                    0x400000bc   Data           4  main.o(.data)
    T6_OUT                                   0x400000c0   Data           4  main.o(.data)
    T6_Total                                 0x400000c4   Data           4  main.o(.data)
    SysTime                                  0x400000c8   Data           4  main.o(.data)
    CPU_Load                                 0x400000cc   Data           4  main.o(.data)
    receivedChar                             0x400000d0   Data           1  serial.o(.data)
    isNewCharAvailable                       0x400000d1   Data           1  serial.o(.data)
    txDataSizeToSend                         0x400000d2   Data           1  serial.o(.data)
    txDataSizeLeftToSend                     0x400000d3   Data           1  serial.o(.data)
    pxCurrentTCB                             0x400000d4   Data           4  tasks.o(.data)
    ulCriticalNesting                        0x40000110   Data           4  port.o(.data)
    txBuffer                                 0x4000012c   Data         200  serial.o(.bss)
    __libspace_start                         0x400036bc   Data          96  libspace.o(.bss)
    __temporary_stack_top$libspace           0x4000371c   Data           0  libspace.o(.bss)



==============================================================================

Memory Map of the image

  Image Entry point : 0x00000104

  Load Region LR_IROM1 (Base: 0x00000000, Size: 0x00002d3c, Max: 0x00040000, ABSOLUTE, COMPRESSED[0x00002c74])

    Execution Region ER_IROM1 (Exec base: 0x00000000, Load base: 0x00000000, Size: 0x00002c10, Max: 0x00040000, ABSOLUTE)

    Exec Addr    Load Addr    Size         Type   Attr      Idx    E Section Name        Object

    0x00000000   0x00000000   0x00000104   Code   RO            3    RESET               startup.o
    0x00000104   0x00000104   0x00000008   Code   RO          271  * !!!main             c_t.l(__main.o)
    0x0000010c   0x0000010c   0x0000003c   Code   RO          442    !!!scatter          c_t.l(__scatter.o)
    0x00000148   0x00000148   0x00000044   Code   RO          440    !!dczerorl          c_t.l(__dczerorl.o)
    0x0000018c   0x0000018c   0x0000002c   Code   RO          444    !!handler_zi        c_t.l(__scatter_zi.o)
    0x000001b8   0x000001b8   0x00000008   Ven    RO          308    .ARM.Collect$$libinit$$00000000  c_t.l(libinit.o)
    0x000001c0   0x000001c0   0x00000002   Code   RO          308    .ARM.Collect$$libinit$$00000000  c_t.l(libinit.o)
    0x000001c2   0x000001c2   0x00000000   Code   RO          321    .ARM.Collect$$libinit$$00000002  c_t.l(libinit2.o)
    0x000001c2   0x000001c2   0x00000000   Code   RO          323    .ARM.Collect$$libinit$$00000004  c_t.l(libinit2.o)
    0x000001c2   0x000001c2   0x00000000   Code   RO          326    .ARM.Collect$$libinit$$0000000A  c_t.l(libinit2.o)
    0x000001c2   0x000001c2   0x00000000   Code   RO          328    .ARM.Collect$$libinit$$0000000C  c_t.l(libinit2.o)
    0x000001c2   0x000001c2   0x00000000   Code   RO          330    .ARM.Collect$$libinit$$0000000E  c_t.l(libinit2.o)
    0x000001c2   0x000001c2   0x00000000   Code   RO          333    .ARM.Collect$$libinit$$00000011  c_t.l(libinit2.o)
    0x000001c2   0x000001c2   0x00000000   Code   RO          335    .ARM.Collect$$libinit$$00000013  c_t.l(libinit2.o)
    0x000001c2   0x000001c2   0x00000000   Code   RO          337    .ARM.Collect$$libinit$$00000015  c_t.l(libinit2.o)
    0x000001c2   0x000001c2   0x00000000   Code   RO          339    .ARM.Collect$$libinit$$00000017  c_t.l(libinit2.o)
    0x000001c2   0x000001c2   0x00000000   Code   RO          341    .ARM.Collect$$libinit$$00000019  c_t.l(libinit2.o)
    0x000001c2   0x000001c2   0x00000000   Code   RO          343    .ARM.Collect$$libinit$$0000001B  c_t.l(libinit2.o)
    0x000001c2   0x000001c2   0x00000000   Code   RO          345    .ARM.Collect$$libinit$$0000001D  c_t.l(libinit2.o)
    0x000001c2   0x000001c2   0x00000000   Code   RO          347    .ARM.Collect$$libinit$$0000001F  c_t.l(libinit2.o)
    0x000001c2   0x000001c2   0x00000000   Code   RO          349    .ARM.Collect$$libinit$$00000021  c_t.l(libinit2.o)
    0x000001c2   0x000001c2   0x00000000   Code   RO          351    .ARM.Collect$$libinit$$00000023  c_t.l(libinit2.o)
    0x000001c2   0x000001c2   0x00000000   Code   RO          353    .ARM.Collect$$libinit$$00000025  c_t.l(libinit2.o)
    0x000001c2   0x000001c2   0x00000000   Code   RO          357    .ARM.Collect$$libinit$$0000002C  c_t.l(libinit2.o)
    0x000001c2   0x000001c2   0x00000000   Code   RO          359    .ARM.Collect$$libinit$$0000002E  c_t.l(libinit2.o)
    0x000001c2   0x000001c2   0x00000000   Code   RO          361    .ARM.Collect$$libinit$$00000030  c_t.l(libinit2.o)
    0x000001c2   0x000001c2   0x00000000   Code   RO          363    .ARM.Collect$$libinit$$00000032  c_t.l(libinit2.o)
    0x000001c2   0x000001c2   0x0000000c   Code   RO          364    .ARM.Collect$$libinit$$00000033  c_t.l(libinit2.o)
    0x000001ce   0x000001ce   0x00000002   PAD
    0x000001d0   0x000001d0   0x00000008   Ven    RO          397    .ARM.Collect$$libshutdown$$00000000  c_t.l(libshutdown.o)
    0x000001d8   0x000001d8   0x00000004   Code   RO          397    .ARM.Collect$$libshutdown$$00000000  c_t.l(libshutdown.o)
    0x000001dc   0x000001dc   0x00000000   Code   RO          423    .ARM.Collect$$libshutdown$$00000002  c_t.l(libshutdown2.o)
    0x000001dc   0x000001dc   0x00000000   Code   RO          425    .ARM.Collect$$libshutdown$$00000004  c_t.l(libshutdown2.o)
    0x000001dc   0x000001dc   0x00000000   Code   RO          428    .ARM.Collect$$libshutdown$$00000007  c_t.l(libshutdown2.o)
    0x000001dc   0x000001dc   0x00000000   Code   RO          431    .ARM.Collect$$libshutdown$$0000000A  c_t.l(libshutdown2.o)
    0x000001dc   0x000001dc   0x00000000   Code   RO          433    .ARM.Collect$$libshutdown$$0000000C  c_t.l(libshutdown2.o)
    0x000001dc   0x000001dc   0x00000000   Code   RO          436    .ARM.Collect$$libshutdown$$0000000F  c_t.l(libshutdown2.o)
    0x000001dc   0x000001dc   0x00000006   Code   RO          437    .ARM.Collect$$libshutdown$$00000010  c_t.l(libshutdown2.o)
    0x000001e2   0x000001e2   0x00000002   PAD
    0x000001e4   0x000001e4   0x00000000   Code   RO          273    .ARM.Collect$$rtentry$$00000000  c_t.l(__rtentry.o)
    0x000001e4   0x000001e4   0x00000000   Code   RO          279    .ARM.Collect$$rtentry$$00000002  c_t.l(__rtentry2.o)
    0x000001e4   0x000001e4   0x00000008   Code   RO          291    .ARM.Collect$$rtentry$$00000004  c_t.l(__rtentry4.o)
    0x000001ec   0x000001ec   0x00000000   Code   RO          281    .ARM.Collect$$rtentry$$00000009  c_t.l(__rtentry2.o)
    0x000001ec   0x000001ec   0x00000004   Code   RO          282    .ARM.Collect$$rtentry$$0000000A  c_t.l(__rtentry2.o)
    0x000001f0   0x000001f0   0x00000000   Code   RO          284    .ARM.Collect$$rtentry$$0000000C  c_t.l(__rtentry2.o)
    0x000001f0   0x000001f0   0x00000028   Code   RO          285    .ARM.Collect$$rtentry$$0000000D  c_t.l(__rtentry2.o)
    0x00000218   0x00000218   0x00000004   Ven    RO          312    .ARM.Collect$$rtexit$$00000000  c_t.l(rtexit.o)
    0x0000021c   0x0000021c   0x00000004   Code   RO          312    .ARM.Collect$$rtexit$$00000000  c_t.l(rtexit.o)
    0x00000220   0x00000220   0x00000000   Code   RO          368    .ARM.Collect$$rtexit$$00000002  c_t.l(rtexit2.o)
    0x00000220   0x00000220   0x00000004   Code   RO          369    .ARM.Collect$$rtexit$$00000003  c_t.l(rtexit2.o)
    0x00000224   0x00000224   0x00000008   Code   RO          370    .ARM.Collect$$rtexit$$00000004  c_t.l(rtexit2.o)
    0x0000022c   0x0000022c   0x00000020   Code   RO            4    .text               startup.o
    0x0000024c   0x0000024c   0x00000094   Code   RO           57    .text               serialisr.o
    0x000002e0   0x000002e0   0x0000015c   Code   RO           60    .text               gpio.o
    0x0000043c   0x0000043c   0x000004a4   Code   RO           94    .text               main.o
    0x000008e0   0x000008e0   0x000001a4   Code   RO          137    .text               serial.o
    0x00000a84   0x00000a84   0x00000f2c   Code   RO          153    .text               tasks.o
    0x000019b0   0x000019b0   0x00000098   Code   RO          185    .text               list.o
    0x00001a48   0x00001a48   0x000009b0   Code   RO          197    .text               queue.o
    0x000023f8   0x000023f8   0x00000158   Code   RO          212    .text               port.o
    0x00002550   0x00002550   0x00000130   Code   RO          229    .text               heap_2.o
    0x00002680   0x00002680   0x00000004   Ven    RO          249    .text               c_t.l(rt_memcpy.o)
    0x00002684   0x00002684   0x000000d4   Code   RO          249    .text               c_t.l(rt_memcpy.o)
    0x00002758   0x00002758   0x00000004   Ven    RO          251    .text               c_t.l(rt_memcpy_w.o)
    0x0000275c   0x0000275c   0x00000064   Code   RO          251    .text               c_t.l(rt_memcpy_w.o)
    0x000027c0   0x000027c0   0x00000180   Code   RO          253    .text               c_t.l(aeabi_sdiv.o)
    0x00002940   0x00002940   0x00000006   Code   RO          269    .text               c_t.l(heapauxi.o)
    0x00002946   0x00002946   0x00000002   PAD
    0x00002948   0x00002948   0x00000060   Code   RO          295    .text               c_t.l(sys_stackheap_outer.o)
    0x000029a8   0x000029a8   0x00000014   Code   RO          297    .text               c_t.l(exit.o)
    0x000029bc   0x000029bc   0x0000000c   Code   RO          309    .text               c_t.l(libspace.o)
    0x000029c8   0x000029c8   0x00000008   Ven    RO          365    .text               c_t.l(sys_exit.o)
    0x000029d0   0x000029d0   0x0000000c   Code   RO          365    .text               c_t.l(sys_exit.o)
    0x000029dc   0x000029dc   0x00000004   Code   RO          386    .text               c_t.l(use_no_semi.o)
    0x000029e0   0x000029e0   0x00000000   Code   RO          388    .text               c_t.l(indicate_semi.o)
    0x000029e0   0x000029e0   0x00000004   Ven    RO          254    .text_udiv          c_t.l(aeabi_sdiv.o)
    0x000029e4   0x000029e4   0x00000024   Code   RO          254    .text_udiv          c_t.l(aeabi_sdiv.o)
    0x00002a08   0x00002a08   0x00000004   Ven    RO          244    PORT_ASM            portasm.o
    0x00002a0c   0x00002a0c   0x0000018c   Code   RO          244    PORT_ASM            portasm.o
    0x00002b98   0x00002b98   0x00000008   Ven    RO          457    Veneer$$Code        anon$$obj.o
    0x00002ba0   0x00002ba0   0x00000004   Ven    RO          168    i.__ARM_common_disable_irq  tasks.o
    0x00002ba4   0x00002ba4   0x00000014   Code   RO          168    i.__ARM_common_disable_irq  tasks.o
    0x00002bb8   0x00002bb8   0x00000004   Ven    RO          224    i.__ARM_common_enable_irq  port.o
    0x00002bbc   0x00002bbc   0x00000010   Code   RO          224    i.__ARM_common_enable_irq  port.o
    0x00002bcc   0x00002bcc   0x00000004   Ven    RO          166    i.__ARM_common_switch8  tasks.o
    0x00002bd0   0x00002bd0   0x00000020   Code   RO          166    i.__ARM_common_switch8  tasks.o
    0x00002bf0   0x00002bf0   0x00000020   Data   RO          438    Region$$Table       anon$$obj.o


    Execution Region RW_IRAM1 (Exec base: 0x40000000, Load base: 0x00002c10, Size: 0x00003d40, Max: 0x00004000, ABSOLUTE, COMPRESSED[0x00000064])

    Exec Addr    Load Addr    Size         Type   Attr      Idx    E Section Name        Object

    0x40000000   COMPRESSED   0x0000005c   Data   RW           82    .data               gpio_cfg.o
    0x4000005c   COMPRESSED   0x00000074   Data   RW           95    .data               main.o
    0x400000d0   COMPRESSED   0x00000004   Data   RW          139    .data               serial.o
    0x400000d4   COMPRESSED   0x0000003c   Data   RW          155    .data               tasks.o
    0x40000110   COMPRESSED   0x00000004   Data   RW          213    .data               port.o
    0x40000114   COMPRESSED   0x00000018   Data   RW          231    .data               heap_2.o
    0x4000012c        -       0x000000c8   Zero   RW          138    .bss                serial.o
    0x400001f4        -       0x000000c8   Zero   RW          154    .bss                tasks.o
    0x400002bc        -       0x00003400   Zero   RW          230    .bss                heap_2.o
    0x400036bc        -       0x00000060   Zero   RW          310    .bss                c_t.l(libspace.o)
    0x4000371c   COMPRESSED   0x00000004   PAD
    0x40003720        -       0x00000000   Zero   RW            2    HEAP                startup.o
    0x40003720        -       0x00000620   Zero   RW            1    STACK               startup.o


==============================================================================

Image component sizes


      Code (inc. data)   RO Data    RW Data    ZI Data      Debug   Object Name

       348         14          0          0          0       1681   gpio.o
         0          0          0         92          0       1167   gpio_cfg.o
       304         26          0         24      13312       3320   heap_2.o
       152          0          0          0          0       1894   list.o
      1188        222          0        116          0      15126   main.o
         0          0          0          0          0       8056   partest.o
       360         76          0          4          0       3139   port.o
       396         24          0          0          0        376   portasm.o
      2480          0          0          0          0      16476   queue.o
       420         50          0          4        200       3830   serial.o
       148         12          0          0          0        284   serialisr.o
       292         60          0          0       1568        636   startup.o
      3936        248          0         60        200      24296   tasks.o

    ----------------------------------------------------------------------
     10048        732         32        300      15280      80281   Object Totals
        24          0         32          0          0          0   (incl. Generated)
         0          0          0          0          0          0   (incl. Padding)

    ----------------------------------------------------------------------

      Code (inc. data)   RO Data    RW Data    ZI Data      Debug   Library Member Name

        68          2          0          0          0          0   __dczerorl.o
         8          0          0          0          0         68   __main.o
         0          0          0          0          0          0   __rtentry.o
        44          4          0          0          0          0   __rtentry2.o
         8          0          0          0          0          0   __rtentry4.o
        60          8          0          0          0          0   __scatter.o
        44          0          0          0          0          0   __scatter_zi.o
       424          0          0          0          0        148   aeabi_sdiv.o
        20          0          0          0          0         80   exit.o
         6          0          0          0          0        136   heapauxi.o
         0          0          0          0          0          0   indicate_semi.o
        10          0          0          0          0          0   libinit.o
        12          0          0          0          0          0   libinit2.o
        12          0          0          0          0          0   libshutdown.o
         6          0          0          0          0          0   libshutdown2.o
        12          4          0          0         96         68   libspace.o
       216          0          0          0          0         68   rt_memcpy.o
       104          0          0          0          0         80   rt_memcpy_w.o
         8          0          0          0          0          0   rtexit.o
        12          0          0          0          0          0   rtexit2.o
        20          4          0          0          0         60   sys_exit.o
        96          0          0          0          0         80   sys_stackheap_outer.o
         4          0          0          0          0         68   use_no_semi.o

    ----------------------------------------------------------------------
      1200         22          0          0        100        856   Library Totals
         6          0          0          0          4          0   (incl. Padding)

    ----------------------------------------------------------------------

      Code (inc. data)   RO Data    RW Data    ZI Data      Debug   Library Name

      1194         22          0          0         96        856   c_t.l

    ----------------------------------------------------------------------
      1200         22          0          0        100        856   Library Totals

    ----------------------------------------------------------------------

==============================================================================


      Code (inc. data)   RO Data    RW Data    ZI Data      Debug   

     11248        754         32        300      15380      80169   Grand Totals
     11248        754         32        100      15380      80169   ELF Image Totals (compressed)
     11248        754         32        100          0          0   ROM Totals

==============================================================================

    Total RO  Size (Code + RO Data)                11280 (  11.02kB)
    Total RW  Size (RW Data + ZI Data)             15680 (  15.31kB)
    Total ROM Size (Code + RO Data + RW Data)      11380 (  11.11kB)

==============================================================================

